// Jest Snapshot v1, https://goo.gl/fbAQLP

exports[`Settings screen test snapshot 1`] = `
<View>
  <Text
    style={
      Object {
        "color": "blue",
        "padding": 50,
      }
    }
  >
    Name:
    
  </Text>
  <Text
    style={
      Object {
        "color": "blue",
        "padding": 50,
      }
    }
  >
    Email:
    
  </Text>
  <Text
    style={
      Object {
        "color": "blue",
        "padding": 50,
      }
    }
  >
    Phone Number:
    Not provided
  </Text>
  <View
    style={
      Array [
        Object {
          "marginLeft": 15,
          "marginRight": 15,
        },
        Object {
          "shadowColor": "rgba(0,0,0, .4)",
          "shadowOffset": Object {
            "height": 1,
            "width": 1,
          },
          "shadowOpacity": 1,
          "shadowRadius": 1,
        },
        undefined,
        undefined,
      ]
    }
  >
    <View
      accessible={true}
      isTVSelectable={true}
      onResponderGrant={[Function]}
      onResponderMove={[Function]}
      onResponderRelease={[Function]}
      onResponderTerminate={[Function]}
      onResponderTerminationRequest={[Function]}
      onStartShouldSetResponder={[Function]}
      style={null}
    >
      <View
        pointerEvents="box-only"
        style={
          Array [
            Object {
              "alignItems": "center",
              "backgroundColor": "#9E9E9E",
              "flexDirection": "row",
              "justifyContent": "center",
              "padding": 19,
            },
            undefined,
            undefined,
            undefined,
            undefined,
            undefined,
            Object {
              "backgroundColor": "#E31414",
            },
            undefined,
            Object {
              "padding": 12,
            },
            undefined,
            undefined,
            undefined,
            undefined,
            undefined,
            undefined,
          ]
        }
      >
        <Text
          style={
            Array [
              Object {},
              undefined,
              undefined,
              undefined,
              undefined,
              undefined,
              undefined,
              undefined,
              undefined,
              undefined,
              Array [
                Object {
                  "color": "white",
                  "fontSize": 20,
                },
                undefined,
                Object {
                  "fontSize": 17.5,
                },
                undefined,
                undefined,
                undefined,
                undefined,
                undefined,
              ],
            ]
          }
        >
          Logout
        </Text>
      </View>
    </View>
  </View>
</View>
`;
